{"time":"2026-04-23T21:48:26.7436621+03:00","level":"INFO","msg":"starting","version":"v1.0.0"}
{"time":"2026-04-23T21:48:26.9542976+03:00","level":"ERROR","msg":"failed to init [postgres ping]: failed to connect to `user=admin database=postgres`:\n\t[::1]:5432 (localhost): dial error: dial tcp [::1]:5432: connectex: An attempt was made to access a socket in a way forbidden by its access permissions.\n\t127.0.0.1:5432 (localhost): failed SASL auth: \ufffd\ufffd\ufffd\ufffd\ufffd: \ufffd\ufffd\ufffd\ufffd\ufffd\ufffd\ufffd\ufffd\ufffd\ufffd\ufffd\ufffd \"admin\" \ufffd\ufffd \ufffd\ufffd\ufffd\ufffd\ufffd\ufffd \ufffd\ufffd\ufffd\ufffd\ufffd\ufffd\ufffd\ufffd \ufffd\ufffd\ufffd\ufffd\ufffd\ufffd\ufffd\ufffd\ufffd\ufffd\ufffd (\ufffd\ufffd \ufffd\ufffd\ufffd\ufffd\ufffd\ufffd) (SQLSTATE 28P01)"}
{"time":"2026-04-23T21:49:36.340682+03:00","level":"INFO","msg":"starting","version":"v1.0.0"}
{"time":"2026-04-23T21:49:36.4665901+03:00","level":"ERROR","msg":"failed to init [postgres ping]: failed to connect to `user=admin database=postgres`:\n\t[::1]:5432 (localhost): dial error: dial tcp [::1]:5432: connectex: An attempt was made to access a socket in a way forbidden by its access permissions.\n\t127.0.0.1:5432 (localhost): failed SASL auth: \ufffd\ufffd\ufffd\ufffd\ufffd: \ufffd\ufffd\ufffd\ufffd\ufffd\ufffd\ufffd\ufffd\ufffd\ufffd\ufffd\ufffd \"admin\" \ufffd\ufffd \ufffd\ufffd\ufffd\ufffd\ufffd\ufffd \ufffd\ufffd\ufffd\ufffd\ufffd\ufffd\ufffd\ufffd \ufffd\ufffd\ufffd\ufffd\ufffd\ufffd\ufffd\ufffd\ufffd\ufffd\ufffd (\ufffd\ufffd \ufffd\ufffd\ufffd\ufffd\ufffd\ufffd) (SQLSTATE 28P01)"}
{"time":"2026-04-23T21:51:04.6182897+03:00","level":"INFO","msg":"starting","version":"v1.0.0"}
{"time":"2026-04-23T21:51:04.8718672+03:00","level":"INFO","msg":"application started"}
{"time":"2026-04-23T21:51:04.8724791+03:00","level":"INFO","msg":"Listening: ","address":"[::]:8090"}
{"time":"2026-04-23T21:51:14.2907852+03:00","level":"INFO","msg":"shutting down"}
{"time":"2026-04-23T21:51:14.2930029+03:00","level":"INFO","msg":"application stopped"}
{"time":"2026-04-23T21:59:01.5345942+03:00","level":"INFO","msg":"starting","version":"v1.0.0"}
{"time":"2026-04-23T21:59:01.684316+03:00","level":"INFO","msg":"application started"}
{"time":"2026-04-23T21:59:01.684316+03:00","level":"INFO","msg":"Listening: ","address":"[::]:8090"}
{"time":"2026-04-23T21:59:06.1644692+03:00","level":"INFO","msg":"shutting down"}
{"time":"2026-04-23T21:59:06.1649982+03:00","level":"INFO","msg":"application stopped"}
{"time":"2026-04-23T22:21:19.9306127+03:00","level":"INFO","msg":"starting","version":"v1.0.0"}
{"time":"2026-04-23T22:21:20.0886628+03:00","level":"INFO","msg":"application started"}
{"time":"2026-04-23T22:21:20.0886628+03:00","level":"INFO","msg":"Listening: ","address":"[::]:8090"}
{"time":"2026-04-23T22:21:30.1415378+03:00","level":"INFO","msg":"kafka fetch error, reconnecting","error":"failed to dial: failed to open connection to localhost:9092: dial tcp [::1]:9092: connectex: An attempt was made to access a socket in a way forbidden by its access permissions.","backoff":"2s"}
{"time":"2026-04-23T22:21:42.1866978+03:00","level":"INFO","msg":"kafka fetch error, reconnecting","error":"failed to dial: failed to open connection to localhost:9092: dial tcp [::1]:9092: connectex: An attempt was made to access a socket in a way forbidden by its access permissions.","backoff":"4s"}
{"time":"2026-04-23T22:21:56.2525688+03:00","level":"INFO","msg":"kafka fetch error, reconnecting","error":"failed to dial: failed to open connection to localhost:9092: dial tcp [::1]:9092: connectex: An attempt was made to access a socket in a way forbidden by its access permissions.","backoff":"8s"}
{"time":"2026-04-23T22:22:14.3312376+03:00","level":"INFO","msg":"kafka fetch error, reconnecting","error":"failed to dial: failed to open connection to localhost:9092: dial tcp [::1]:9092: connectex: An attempt was made to access a socket in a way forbidden by its access permissions.","backoff":"16s"}
{"time":"2026-04-23T22:22:31.775471+03:00","level":"DEBUG","msg":"http request started","XRequestID":"G-97b958e2-5baa-4a7b-aa6b-864ef85cf3a5","method":"/health"}
{"time":"2026-04-23T22:22:33.5567088+03:00","level":"DEBUG","msg":"http request started","XRequestID":"G-ac61ac78-dd4f-4e75-be93-7469c0d4d582","method":"/health"}
{"time":"2026-04-23T22:22:38.5475286+03:00","level":"DEBUG","msg":"http request started","XRequestID":"G-1aac780a-e604-437b-a7c1-5a93f05ecbbe","method":"/version"}
{"time":"2026-04-23T22:22:40.3884938+03:00","level":"INFO","msg":"kafka fetch error, reconnecting","error":"failed to dial: failed to open connection to localhost:9092: dial tcp [::1]:9092: connectex: An attempt was made to access a socket in a way forbidden by its access permissions.","backoff":"32s"}
{"time":"2026-04-23T22:23:02.5988706+03:00","level":"DEBUG","msg":"http request started","XRequestID":"G-171acb65-32e8-406c-b409-6d208089b02f","method":"/auth/register"}
{"time":"2026-04-23T22:23:02.7307879+03:00","level":"DEBUG","msg":"http request succeeded","XRequestID":"G-171acb65-32e8-406c-b409-6d208089b02f","method":"/auth/register"}
{"time":"2026-04-23T22:23:22.4450012+03:00","level":"INFO","msg":"kafka fetch error, reconnecting","error":"failed to dial: failed to open connection to localhost:9092: dial tcp [::1]:9092: connectex: An attempt was made to access a socket in a way forbidden by its access permissions.","backoff":"32s"}
{"time":"2026-04-23T22:24:04.500468+03:00","level":"INFO","msg":"kafka fetch error, reconnecting","error":"failed to dial: failed to open connection to localhost:9092: dial tcp [::1]:9092: connectex: An attempt was made to access a socket in a way forbidden by its access permissions.","backoff":"32s"}
{"time":"2026-04-23T22:24:46.5561919+03:00","level":"INFO","msg":"kafka fetch error, reconnecting","error":"failed to dial: failed to open connection to localhost:9092: dial tcp [::1]:9092: connectex: An attempt was made to access a socket in a way forbidden by its access permissions.","backoff":"32s"}
{"time":"2026-04-23T22:25:28.6029056+03:00","level":"INFO","msg":"kafka fetch error, reconnecting","error":"failed to dial: failed to open connection to localhost:9092: dial tcp [::1]:9092: connectex: An attempt was made to access a socket in a way forbidden by its access permissions.","backoff":"32s"}
{"time":"2026-04-23T22:26:10.6673884+03:00","level":"INFO","msg":"kafka fetch error, reconnecting","error":"failed to dial: failed to open connection to localhost:9092: dial tcp [::1]:9092: connectex: An attempt was made to access a socket in a way forbidden by its access permissions.","backoff":"32s"}
{"time":"2026-04-23T22:26:52.7441484+03:00","level":"INFO","msg":"kafka fetch error, reconnecting","error":"failed to dial: failed to open connection to localhost:9092: dial tcp [::1]:9092: connectex: An attempt was made to access a socket in a way forbidden by its access permissions.","backoff":"32s"}
{"time":"2026-04-23T22:27:34.7914719+03:00","level":"INFO","msg":"kafka fetch error, reconnecting","error":"failed to dial: failed to open connection to localhost:9092: dial tcp [::1]:9092: connectex: An attempt was made to access a socket in a way forbidden by its access permissions.","backoff":"32s"}
{"time":"2026-04-23T22:27:59.3776307+03:00","level":"DEBUG","msg":"http request started","XRequestID":"G-e4951814-0157-4c75-aef2-32919854fa11","method":"/auth/login"}
{"time":"2026-04-23T22:27:59.5949182+03:00","level":"DEBUG","msg":"http request succeeded","XRequestID":"G-e4951814-0157-4c75-aef2-32919854fa11","method":"/auth/login"}
{"time":"2026-04-23T22:28:16.9394656+03:00","level":"INFO","msg":"kafka fetch error, reconnecting","error":"failed to dial: failed to open connection to localhost:9092: dial tcp [::1]:9092: connectex: An attempt was made to access a socket in a way forbidden by its access permissions.","backoff":"32s"}
{"time":"2026-04-23T22:28:18.2123268+03:00","level":"DEBUG","msg":"http request started","XRequestID":"G-e6d3d314-885e-4450-9b83-d7b6facb63dd","method":"/auctions"}
{"time":"2026-04-23T22:28:27.4972014+03:00","level":"DEBUG","msg":"http request started","XRequestID":"G-3c56e390-d51e-4679-9085-92ddc3634ba3","method":"/auctions"}
{"time":"2026-04-23T22:28:59.0108264+03:00","level":"INFO","msg":"kafka fetch error, reconnecting","error":"failed to dial: failed to open connection to localhost:9092: dial tcp [::1]:9092: connectex: An attempt was made to access a socket in a way forbidden by its access permissions.","backoff":"32s"}
{"time":"2026-04-23T22:29:41.0588374+03:00","level":"INFO","msg":"kafka fetch error, reconnecting","error":"failed to dial: failed to open connection to localhost:9092: dial tcp [::1]:9092: connectex: An attempt was made to access a socket in a way forbidden by its access permissions.","backoff":"32s"}
{"time":"2026-04-23T22:30:23.1055221+03:00","level":"INFO","msg":"kafka fetch error, reconnecting","error":"failed to dial: failed to open connection to localhost:9092: dial tcp [::1]:9092: connectex: An attempt was made to access a socket in a way forbidden by its access permissions.","backoff":"32s"}
{"time":"2026-04-23T22:31:05.1523233+03:00","level":"INFO","msg":"kafka fetch error, reconnecting","error":"failed to dial: failed to open connection to localhost:9092: dial tcp [::1]:9092: connectex: An attempt was made to access a socket in a way forbidden by its access permissions.","backoff":"32s"}
{"time":"2026-04-23T22:31:47.1988148+03:00","level":"INFO","msg":"kafka fetch error, reconnecting","error":"failed to dial: failed to open connection to localhost:9092: dial tcp [::1]:9092: connectex: An attempt was made to access a socket in a way forbidden by its access permissions.","backoff":"32s"}
{"time":"2026-04-23T22:32:29.2647255+03:00","level":"INFO","msg":"kafka fetch error, reconnecting","error":"failed to dial: failed to open connection to localhost:9092: dial tcp [::1]:9092: connectex: An attempt was made to access a socket in a way forbidden by its access permissions.","backoff":"32s"}
{"time":"2026-04-23T22:33:11.3264678+03:00","level":"INFO","msg":"kafka fetch error, reconnecting","error":"failed to dial: failed to open connection to localhost:9092: dial tcp [::1]:9092: connectex: An attempt was made to access a socket in a way forbidden by its access permissions.","backoff":"32s"}
{"time":"2026-04-23T22:33:53.3766965+03:00","level":"INFO","msg":"kafka fetch error, reconnecting","error":"failed to dial: failed to open connection to localhost:9092: dial tcp [::1]:9092: connectex: An attempt was made to access a socket in a way forbidden by its access permissions.","backoff":"32s"}
{"time":"2026-04-23T22:34:14.148445+03:00","level":"DEBUG","msg":"http request started","XRequestID":"G-6a363e95-051a-4243-bc72-28b2855bc210","method":"/metrics"}
{"time":"2026-04-23T22:34:35.4307147+03:00","level":"INFO","msg":"kafka fetch error, reconnecting","error":"failed to dial: failed to open connection to localhost:9092: dial tcp [::1]:9092: connectex: An attempt was made to access a socket in a way forbidden by its access permissions.","backoff":"32s"}
{"time":"2026-04-23T22:35:17.7363463+03:00","level":"INFO","msg":"kafka fetch error, reconnecting","error":"failed to dial: failed to open connection to localhost:9092: dial tcp [::1]:9092: connectex: An attempt was made to access a socket in a way forbidden by its access permissions.","backoff":"32s"}
{"time":"2026-04-23T22:35:59.8560352+03:00","level":"INFO","msg":"kafka fetch error, reconnecting","error":"failed to dial: failed to open connection to localhost:9092: dial tcp [::1]:9092: connectex: An attempt was made to access a socket in a way forbidden by its access permissions.","backoff":"32s"}
{"time":"2026-04-23T22:36:42.0191842+03:00","level":"INFO","msg":"kafka fetch error, reconnecting","error":"failed to dial: failed to open connection to localhost:9092: dial tcp [::1]:9092: connectex: An attempt was made to access a socket in a way forbidden by its access permissions.","backoff":"32s"}
{"time":"2026-04-23T22:37:24.0889461+03:00","level":"INFO","msg":"kafka fetch error, reconnecting","error":"failed to dial: failed to open connection to localhost:9092: dial tcp [::1]:9092: connectex: An attempt was made to access a socket in a way forbidden by its access permissions.","backoff":"32s"}
{"time":"2026-04-23T22:38:06.1816715+03:00","level":"INFO","msg":"kafka fetch error, reconnecting","error":"failed to dial: failed to open connection to localhost:9092: dial tcp [::1]:9092: connectex: An attempt was made to access a socket in a way forbidden by its access permissions.","backoff":"32s"}
{"time":"2026-04-23T22:38:48.2308025+03:00","level":"INFO","msg":"kafka fetch error, reconnecting","error":"failed to dial: failed to open connection to localhost:9092: dial tcp [::1]:9092: connectex: An attempt was made to access a socket in a way forbidden by its access permissions.","backoff":"32s"}
{"time":"2026-04-23T22:39:30.2984204+03:00","level":"INFO","msg":"kafka fetch error, reconnecting","error":"failed to dial: failed to open connection to localhost:9092: dial tcp [::1]:9092: connectex: An attempt was made to access a socket in a way forbidden by its access permissions.","backoff":"32s"}
{"time":"2026-04-23T22:40:03.2301197+03:00","level":"INFO","msg":"shutting down"}
{"time":"2026-04-23T22:40:03.2369685+03:00","level":"INFO","msg":"application stopped"}
{"time":"2026-04-23T22:40:08.9279509+03:00","level":"INFO","msg":"starting","version":"v1.0.0"}
{"time":"2026-04-23T22:40:09.1213434+03:00","level":"INFO","msg":"application started"}
{"time":"2026-04-23T22:40:09.1230969+03:00","level":"INFO","msg":"Listening: ","address":"[::]:8090"}
{"time":"2026-04-23T22:40:19.1746285+03:00","level":"INFO","msg":"kafka fetch error, reconnecting","error":"failed to dial: failed to open connection to localhost:9092: dial tcp [::1]:9092: connectex: An attempt was made to access a socket in a way forbidden by its access permissions.","backoff":"2s"}
{"time":"2026-04-23T22:40:31.2097431+03:00","level":"INFO","msg":"kafka fetch error, reconnecting","error":"failed to dial: failed to open connection to localhost:9092: dial tcp [::1]:9092: connectex: An attempt was made to access a socket in a way forbidden by its access permissions.","backoff":"4s"}
{"time":"2026-04-23T22:40:45.2482243+03:00","level":"INFO","msg":"kafka fetch error, reconnecting","error":"failed to dial: failed to open connection to localhost:9092: dial tcp [::1]:9092: connectex: An attempt was made to access a socket in a way forbidden by its access permissions.","backoff":"8s"}
{"time":"2026-04-23T22:41:03.3008901+03:00","level":"INFO","msg":"kafka fetch error, reconnecting","error":"failed to dial: failed to open connection to localhost:9092: dial tcp [::1]:9092: connectex: An attempt was made to access a socket in a way forbidden by its access permissions.","backoff":"16s"}
{"time":"2026-04-23T22:41:08.1878622+03:00","level":"DEBUG","msg":"http request started","XRequestID":"G-cc9bfc45-8bb7-4be8-9c4c-f2e1b834f053","method":"/auctions"}
{"time":"2026-04-23T22:41:13.0688205+03:00","level":"DEBUG","msg":"http request started","XRequestID":"G-82b1dc67-66aa-4e75-a943-539123c4a7a7","method":"/auctions"}
{"time":"2026-04-23T22:41:29.3506624+03:00","level":"INFO","msg":"kafka fetch error, reconnecting","error":"failed to dial: failed to open connection to localhost:9092: dial tcp [::1]:9092: connectex: An attempt was made to access a socket in a way forbidden by its access permissions.","backoff":"32s"}
{"time":"2026-04-23T22:41:35.9379578+03:00","level":"DEBUG","msg":"http request started","XRequestID":"G-7492a296-2bb1-442b-97d1-07d4015f8d9d","method":"/auth/login"}
{"time":"2026-04-23T22:41:35.9607056+03:00","level":"ERROR","msg":"http request failed: repo method [Login] failed in usecase [UserUsecase] error: UserRepo.FindByLogin: no rows in result set","XRequestID":"G-7492a296-2bb1-442b-97d1-07d4015f8d9d","method":"/auth/login"}
{"time":"2026-04-23T22:42:11.4151542+03:00","level":"INFO","msg":"kafka fetch error, reconnecting","error":"failed to dial: failed to open connection to localhost:9092: dial tcp [::1]:9092: connectex: An attempt was made to access a socket in a way forbidden by its access permissions.","backoff":"32s"}
{"time":"2026-04-23T22:42:53.4600315+03:00","level":"INFO","msg":"kafka fetch error, reconnecting","error":"failed to dial: failed to open connection to localhost:9092: dial tcp [::1]:9092: connectex: An attempt was made to access a socket in a way forbidden by its access permissions.","backoff":"32s"}
{"time":"2026-04-23T22:42:57.8765007+03:00","level":"DEBUG","msg":"http request started","XRequestID":"G-e251bd4c-c97a-40c4-810a-6701c7b9db88","method":"/auctions"}
{"time":"2026-04-23T22:42:59.8111688+03:00","level":"DEBUG","msg":"http request started","XRequestID":"G-f648655c-9c38-4a56-ab35-75f2ba1f38d0","method":"/auctions"}
{"time":"2026-04-23T22:43:01.1490227+03:00","level":"DEBUG","msg":"http request started","XRequestID":"G-773aa074-1961-49ae-8815-bf3320639c76","method":"/auctions"}
{"time":"2026-04-23T22:43:29.5118503+03:00","level":"DEBUG","msg":"http request started","XRequestID":"G-331068ad-de3c-4a1a-9eb7-f7ba1cc57cf0","method":"/auth/login"}
{"time":"2026-04-23T22:43:29.5172406+03:00","level":"ERROR","msg":"http request failed: repo method [Login] failed in usecase [UserUsecase] error: UserRepo.FindByLogin: no rows in result set","XRequestID":"G-331068ad-de3c-4a1a-9eb7-f7ba1cc57cf0","method":"/auth/login"}
{"time":"2026-04-23T22:43:35.5028506+03:00","level":"INFO","msg":"kafka fetch error, reconnecting","error":"failed to dial: failed to open connection to localhost:9092: dial tcp [::1]:9092: connectex: An attempt was made to access a socket in a way forbidden by its access permissions.","backoff":"32s"}
{"time":"2026-04-23T22:43:46.6973463+03:00","level":"DEBUG","msg":"http request started","XRequestID":"G-467b4f1b-63f0-4bb2-942d-208730b7e660","method":"/auctions"}
{"time":"2026-04-23T22:44:06.4920793+03:00","level":"DEBUG","msg":"http request started","XRequestID":"G-2b32242e-9775-4a5d-b3fb-b4453eaaf9ec","method":"/auth/register"}
{"time":"2026-04-23T22:44:06.564973+03:00","level":"DEBUG","msg":"http request succeeded","XRequestID":"G-2b32242e-9775-4a5d-b3fb-b4453eaaf9ec","method":"/auth/register"}
{"time":"2026-04-23T22:44:17.5553524+03:00","level":"INFO","msg":"kafka fetch error, reconnecting","error":"failed to dial: failed to open connection to localhost:9092: dial tcp [::1]:9092: connectex: An attempt was made to access a socket in a way forbidden by its access permissions.","backoff":"32s"}
{"time":"2026-04-23T22:44:51.4391662+03:00","level":"DEBUG","msg":"http request started","XRequestID":"G-f10dcd82-79fd-434d-b633-6fc7a36c0050","method":"/auth/login"}
{"time":"2026-04-23T22:44:51.5416254+03:00","level":"DEBUG","msg":"http request succeeded","XRequestID":"G-f10dcd82-79fd-434d-b633-6fc7a36c0050","method":"/auth/login"}
{"time":"2026-04-23T22:44:59.6557778+03:00","level":"INFO","msg":"kafka fetch error, reconnecting","error":"failed to dial: failed to open connection to localhost:9092: dial tcp [::1]:9092: connectex: An attempt was made to access a socket in a way forbidden by its access permissions.","backoff":"32s"}
{"time":"2026-04-23T22:45:28.5219464+03:00","level":"DEBUG","msg":"http request started","XRequestID":"G-52797e21-8f19-4737-ab9b-f13143cb2739","method":"/auctions"}
{"time":"2026-04-23T22:45:41.7402322+03:00","level":"INFO","msg":"kafka fetch error, reconnecting","error":"failed to dial: failed to open connection to localhost:9092: dial tcp [::1]:9092: connectex: An attempt was made to access a socket in a way forbidden by its access permissions.","backoff":"32s"}
{"time":"2026-04-23T22:46:23.8277431+03:00","level":"DEBUG","msg":"http request started","XRequestID":"G-07daac1f-b4d1-48ad-a67d-2aff154f42b4","method":"/auth/login"}
{"time":"2026-04-23T22:46:23.8313445+03:00","level":"INFO","msg":"kafka fetch error, reconnecting","error":"failed to dial: failed to open connection to localhost:9092: dial tcp [::1]:9092: connectex: An attempt was made to access a socket in a way forbidden by its access permissions.","backoff":"32s"}
{"time":"2026-04-23T22:46:23.9271268+03:00","level":"DEBUG","msg":"http request succeeded","XRequestID":"G-07daac1f-b4d1-48ad-a67d-2aff154f42b4","method":"/auth/login"}
{"time":"2026-04-23T22:47:00.7878166+03:00","level":"DEBUG","msg":"http request started","XRequestID":"G-47ab6686-65a8-483a-8989-632ea4b0f9f4","method":"/auctions"}
{"time":"2026-04-23T22:47:05.8952377+03:00","level":"INFO","msg":"kafka fetch error, reconnecting","error":"failed to dial: failed to open connection to localhost:9092: dial tcp [::1]:9092: connectex: An attempt was made to access a socket in a way forbidden by its access permissions.","backoff":"32s"}
{"time":"2026-04-23T22:47:47.9433465+03:00","level":"INFO","msg":"kafka fetch error, reconnecting","error":"failed to dial: failed to open connection to localhost:9092: dial tcp [::1]:9092: connectex: An attempt was made to access a socket in a way forbidden by its access permissions.","backoff":"32s"}
{"time":"2026-04-23T22:48:29.9962279+03:00","level":"INFO","msg":"kafka fetch error, reconnecting","error":"failed to dial: failed to open connection to localhost:9092: dial tcp [::1]:9092: connectex: An attempt was made to access a socket in a way forbidden by its access permissions.","backoff":"32s"}
{"time":"2026-04-23T22:49:12.0692271+03:00","level":"INFO","msg":"kafka fetch error, reconnecting","error":"failed to dial: failed to open connection to localhost:9092: dial tcp [::1]:9092: connectex: An attempt was made to access a socket in a way forbidden by its access permissions.","backoff":"32s"}
{"time":"2026-04-23T22:49:39.4831701+03:00","level":"DEBUG","msg":"http request started","XRequestID":"G-a82372c9-160b-43db-aeeb-41b1d2fbd6c4","method":"/auth/login"}
{"time":"2026-04-23T22:49:39.5721625+03:00","level":"DEBUG","msg":"http request succeeded","XRequestID":"G-a82372c9-160b-43db-aeeb-41b1d2fbd6c4","method":"/auth/login"}
{"time":"2026-04-23T22:49:54.1186794+03:00","level":"INFO","msg":"kafka fetch error, reconnecting","error":"failed to dial: failed to open connection to localhost:9092: dial tcp [::1]:9092: connectex: An attempt was made to access a socket in a way forbidden by its access permissions.","backoff":"32s"}
{"time":"2026-04-23T22:50:36.1663396+03:00","level":"INFO","msg":"kafka fetch error, reconnecting","error":"failed to dial: failed to open connection to localhost:9092: dial tcp [::1]:9092: connectex: An attempt was made to access a socket in a way forbidden by its access permissions.","backoff":"32s"}
{"time":"2026-04-23T22:50:52.4960546+03:00","level":"DEBUG","msg":"http request started","XRequestID":"G-5cc7e9d8-9ece-4247-8d0a-822ad695c769","method":"/auth/login"}
{"time":"2026-04-23T22:50:52.5829+03:00","level":"DEBUG","msg":"http request succeeded","XRequestID":"G-5cc7e9d8-9ece-4247-8d0a-822ad695c769","method":"/auth/login"}
{"time":"2026-04-23T22:50:52.6544933+03:00","level":"DEBUG","msg":"http request started","XRequestID":"G-fd7a5d00-67c9-4831-8304-12c8450e795d","method":"/auctions"}
{"time":"2026-04-23T22:51:04.1199283+03:00","level":"ERROR","msg":"http request failed: AuctionUsecase.GetAuctions: rpc error: code = Unavailable desc = connection error: desc = \"transport: Error while dialing: dial tcp 127.0.0.1:9091: connectex: No connection could be made because the target machine actively refused it.\"","XRequestID":"G-fd7a5d00-67c9-4831-8304-12c8450e795d","method":"/auctions"}
{"time":"2026-04-23T22:51:18.2129609+03:00","level":"INFO","msg":"kafka fetch error, reconnecting","error":"failed to dial: failed to open connection to localhost:9092: dial tcp [::1]:9092: connectex: An attempt was made to access a socket in a way forbidden by its access permissions.","backoff":"32s"}
{"time":"2026-04-23T22:51:40.4981231+03:00","level":"DEBUG","msg":"http request started","XRequestID":"G-f161fc58-34da-4271-8a44-71529e8409ad","method":"/auth/login"}
{"time":"2026-04-23T22:51:40.5909673+03:00","level":"DEBUG","msg":"http request succeeded","XRequestID":"G-f161fc58-34da-4271-8a44-71529e8409ad","method":"/auth/login"}
{"time":"2026-04-23T22:51:40.6148807+03:00","level":"DEBUG","msg":"http request started","XRequestID":"G-cc940541-7a36-4009-a2c5-9bdf83bad509","method":"/health"}
{"time":"2026-04-23T22:51:40.6329216+03:00","level":"DEBUG","msg":"http request started","XRequestID":"G-afbd6801-fc6a-4e98-ae3f-9c2d2a100fb6","method":"/version"}
{"time":"2026-04-23T22:51:40.6606033+03:00","level":"DEBUG","msg":"http request started","XRequestID":"G-d470494d-1b9c-45b5-88fb-0e909eda1a2a","method":"/auth/refresh"}
{"time":"2026-04-23T22:51:40.6981518+03:00","level":"DEBUG","msg":"http request succeeded","XRequestID":"G-d470494d-1b9c-45b5-88fb-0e909eda1a2a","method":"/auth/refresh"}
{"time":"2026-04-23T22:51:40.7254655+03:00","level":"DEBUG","msg":"http request started","XRequestID":"G-d6243281-ebd2-401d-a9ce-ce299a0f2ae3","method":"/auth/logout"}
{"time":"2026-04-23T22:51:40.7311267+03:00","level":"DEBUG","msg":"http request succeeded","XRequestID":"G-d6243281-ebd2-401d-a9ce-ce299a0f2ae3","method":"/auth/logout"}
{"time":"2026-04-23T22:52:00.2942914+03:00","level":"INFO","msg":"kafka fetch error, reconnecting","error":"failed to dial: failed to open connection to localhost:9092: dial tcp [::1]:9092: connectex: An attempt was made to access a socket in a way forbidden by its access permissions.","backoff":"32s"}
{"time":"2026-04-23T22:52:42.3644579+03:00","level":"INFO","msg":"kafka fetch error, reconnecting","error":"failed to dial: failed to open connection to localhost:9092: dial tcp [::1]:9092: connectex: An attempt was made to access a socket in a way forbidden by its access permissions.","backoff":"32s"}
{"time":"2026-04-23T22:53:24.4267166+03:00","level":"INFO","msg":"kafka fetch error, reconnecting","error":"failed to dial: failed to open connection to localhost:9092: dial tcp [::1]:9092: connectex: An attempt was made to access a socket in a way forbidden by its access permissions.","backoff":"32s"}
{"time":"2026-04-23T22:54:06.4939159+03:00","level":"INFO","msg":"kafka fetch error, reconnecting","error":"failed to dial: failed to open connection to localhost:9092: dial tcp [::1]:9092: connectex: An attempt was made to access a socket in a way forbidden by its access permissions.","backoff":"32s"}
{"time":"2026-04-23T22:54:48.5368501+03:00","level":"INFO","msg":"kafka fetch error, reconnecting","error":"failed to dial: failed to open connection to localhost:9092: dial tcp [::1]:9092: connectex: An attempt was made to access a socket in a way forbidden by its access permissions.","backoff":"32s"}
{"time":"2026-04-23T22:55:30.6195289+03:00","level":"INFO","msg":"kafka fetch error, reconnecting","error":"failed to dial: failed to open connection to localhost:9092: dial tcp [::1]:9092: connectex: An attempt was made to access a socket in a way forbidden by its access permissions.","backoff":"32s"}
{"time":"2026-04-23T22:56:12.7506095+03:00","level":"INFO","msg":"kafka fetch error, reconnecting","error":"failed to dial: failed to open connection to localhost:9092: dial tcp [::1]:9092: connectex: An attempt was made to access a socket in a way forbidden by its access permissions.","backoff":"32s"}
{"time":"2026-04-23T22:56:54.8335543+03:00","level":"INFO","msg":"kafka fetch error, reconnecting","error":"failed to dial: failed to open connection to localhost:9092: dial tcp [::1]:9092: connectex: An attempt was made to access a socket in a way forbidden by its access permissions.","backoff":"32s"}
{"time":"2026-04-23T22:57:36.9012999+03:00","level":"INFO","msg":"kafka fetch error, reconnecting","error":"failed to dial: failed to open connection to localhost:9092: dial tcp [::1]:9092: connectex: An attempt was made to access a socket in a way forbidden by its access permissions.","backoff":"32s"}
{"time":"2026-04-23T22:58:19.2145699+03:00","level":"INFO","msg":"kafka fetch error, reconnecting","error":"failed to dial: failed to open connection to localhost:9092: dial tcp [::1]:9092: connectex: An attempt was made to access a socket in a way forbidden by its access permissions.","backoff":"32s"}
{"time":"2026-04-23T22:59:01.5319324+03:00","level":"INFO","msg":"kafka fetch error, reconnecting","error":"failed to dial: failed to open connection to localhost:9092: dial tcp [::1]:9092: connectex: An attempt was made to access a socket in a way forbidden by its access permissions.","backoff":"32s"}
{"time":"2026-04-23T22:59:43.6321352+03:00","level":"INFO","msg":"kafka fetch error, reconnecting","error":"failed to dial: failed to open connection to localhost:9092: dial tcp [::1]:9092: connectex: An attempt was made to access a socket in a way forbidden by its access permissions.","backoff":"32s"}
{"time":"2026-04-23T23:00:25.9744311+03:00","level":"INFO","msg":"kafka fetch error, reconnecting","error":"failed to dial: failed to open connection to localhost:9092: dial tcp [::1]:9092: connectex: An attempt was made to access a socket in a way forbidden by its access permissions.","backoff":"32s"}
{"time":"2026-04-23T23:01:08.0997244+03:00","level":"INFO","msg":"kafka fetch error, reconnecting","error":"failed to dial: failed to open connection to localhost:9092: dial tcp [::1]:9092: connectex: An attempt was made to access a socket in a way forbidden by its access permissions.","backoff":"32s"}
{"time":"2026-04-23T23:01:50.1561458+03:00","level":"INFO","msg":"kafka fetch error, reconnecting","error":"failed to dial: failed to open connection to localhost:9092: dial tcp [::1]:9092: connectex: An attempt was made to access a socket in a way forbidden by its access permissions.","backoff":"32s"}
{"time":"2026-04-23T23:02:32.2082171+03:00","level":"INFO","msg":"kafka fetch error, reconnecting","error":"failed to dial: failed to open connection to localhost:9092: dial tcp [::1]:9092: connectex: An attempt was made to access a socket in a way forbidden by its access permissions.","backoff":"32s"}
{"time":"2026-04-23T23:03:14.3487079+03:00","level":"INFO","msg":"kafka fetch error, reconnecting","error":"failed to dial: failed to open connection to localhost:9092: dial tcp [::1]:9092: connectex: An attempt was made to access a socket in a way forbidden by its access permissions.","backoff":"32s"}
{"time":"2026-04-23T23:03:56.4592298+03:00","level":"INFO","msg":"kafka fetch error, reconnecting","error":"failed to dial: failed to open connection to localhost:9092: dial tcp [::1]:9092: connectex: An attempt was made to access a socket in a way forbidden by its access permissions.","backoff":"32s"}
{"time":"2026-04-23T23:04:38.7069941+03:00","level":"INFO","msg":"kafka fetch error, reconnecting","error":"failed to dial: failed to open connection to localhost:9092: dial tcp [::1]:9092: connectex: An attempt was made to access a socket in a way forbidden by its access permissions.","backoff":"32s"}
{"time":"2026-04-23T23:05:20.7852822+03:00","level":"INFO","msg":"kafka fetch error, reconnecting","error":"failed to dial: failed to open connection to localhost:9092: dial tcp [::1]:9092: connectex: An attempt was made to access a socket in a way forbidden by its access permissions.","backoff":"32s"}
{"time":"2026-04-23T23:06:02.9462976+03:00","level":"INFO","msg":"kafka fetch error, reconnecting","error":"failed to dial: failed to open connection to localhost:9092: dial tcp [::1]:9092: connectex: An attempt was made to access a socket in a way forbidden by its access permissions.","backoff":"32s"}
{"time":"2026-04-23T23:06:45.0408864+03:00","level":"INFO","msg":"kafka fetch error, reconnecting","error":"failed to dial: failed to open connection to localhost:9092: dial tcp [::1]:9092: connectex: An attempt was made to access a socket in a way forbidden by its access permissions.","backoff":"32s"}
{"time":"2026-04-23T23:07:27.1256144+03:00","level":"INFO","msg":"kafka fetch error, reconnecting","error":"failed to dial: failed to open connection to localhost:9092: dial tcp [::1]:9092: connectex: An attempt was made to access a socket in a way forbidden by its access permissions.","backoff":"32s"}
{"time":"2026-04-23T23:08:19.4828372+03:00","level":"INFO","msg":"kafka fetch error, reconnecting","error":"failed to dial: failed to open connection to localhost:9092: dial tcp [::1]:9092: connectex: An attempt was made to access a socket in a way forbidden by its access permissions.","backoff":"32s"}
{"time":"2026-04-23T23:09:01.5541834+03:00","level":"INFO","msg":"kafka fetch error, reconnecting","error":"failed to dial: failed to open connection to localhost:9092: dial tcp [::1]:9092: connectex: An attempt was made to access a socket in a way forbidden by its access permissions.","backoff":"32s"}
{"time":"2026-04-23T23:09:43.5960729+03:00","level":"INFO","msg":"kafka fetch error, reconnecting","error":"failed to dial: failed to open connection to localhost:9092: dial tcp [::1]:9092: connectex: An attempt was made to access a socket in a way forbidden by its access permissions.","backoff":"32s"}
{"time":"2026-04-23T23:10:25.6672012+03:00","level":"INFO","msg":"kafka fetch error, reconnecting","error":"failed to dial: failed to open connection to localhost:9092: dial tcp [::1]:9092: connectex: An attempt was made to access a socket in a way forbidden by its access permissions.","backoff":"32s"}
{"time":"2026-04-23T23:10:51.0438065+03:00","level":"INFO","msg":"shutting down"}
{"time":"2026-04-23T23:10:51.0472794+03:00","level":"INFO","msg":"application stopped"}
{"time":"2026-04-23T23:10:54.5870626+03:00","level":"INFO","msg":"starting","version":"v1.0.0"}
{"time":"2026-04-23T23:10:54.7624088+03:00","level":"INFO","msg":"application started"}
{"time":"2026-04-23T23:10:54.7629967+03:00","level":"INFO","msg":"Listening: ","address":"[::]:8091"}
{"time":"2026-04-23T23:11:04.8435589+03:00","level":"INFO","msg":"kafka fetch error, reconnecting","error":"failed to dial: failed to open connection to localhost:9092: dial tcp [::1]:9092: connectex: An attempt was made to access a socket in a way forbidden by its access permissions.","backoff":"2s"}
{"time":"2026-04-23T23:11:16.9249734+03:00","level":"INFO","msg":"kafka fetch error, reconnecting","error":"failed to dial: failed to open connection to localhost:9092: dial tcp [::1]:9092: connectex: An attempt was made to access a socket in a way forbidden by its access permissions.","backoff":"4s"}
{"time":"2026-04-23T23:11:30.9753841+03:00","level":"INFO","msg":"kafka fetch error, reconnecting","error":"failed to dial: failed to open connection to localhost:9092: dial tcp [::1]:9092: connectex: An attempt was made to access a socket in a way forbidden by its access permissions.","backoff":"8s"}
{"time":"2026-04-23T23:11:49.0603396+03:00","level":"INFO","msg":"kafka fetch error, reconnecting","error":"EOF","backoff":"16s"}
{"time":"2026-04-23T23:12:35.0935669+03:00","level":"INFO","msg":"kafka fetch error, reconnecting","error":"failed to dial: failed to open connection to kafka:9092: dial tcp: lookup kafka: no such host","backoff":"32s"}
{"time":"2026-04-23T23:13:45.7954678+03:00","level":"DEBUG","msg":"http request started","XRequestID":"G-d15eb9ac-a4b3-4ada-8400-7cba28333637","method":"/auctions"}
{"time":"2026-04-23T23:13:46.8736742+03:00","level":"INFO","msg":"kafka fetch error, reconnecting","error":"failed to dial: failed to open connection to kafka:9092: dial tcp: lookup kafka: no such host","backoff":"32s"}
{"time":"2026-04-23T23:14:58.826453+03:00","level":"INFO","msg":"kafka fetch error, reconnecting","error":"failed to dial: failed to open connection to kafka:9092: dial tcp: lookup kafka: no such host","backoff":"32s"}
{"time":"2026-04-23T23:15:26.408315+03:00","level":"DEBUG","msg":"http request started","XRequestID":"G-999f0490-30df-483d-8ac4-a42a37bff430","method":"/auctions"}
{"time":"2026-04-23T23:15:37.9931583+03:00","level":"DEBUG","msg":"http request started","XRequestID":"G-b457ebfe-d90f-4368-84e5-dfc3f895e504","method":"/auctions"}
{"time":"2026-04-23T23:16:10.7153547+03:00","level":"INFO","msg":"kafka fetch error, reconnecting","error":"failed to dial: failed to open connection to kafka:9092: dial tcp: lookup kafka: no such host","backoff":"32s"}
{"time":"2026-04-23T23:17:05.5927155+03:00","level":"DEBUG","msg":"http request started","XRequestID":"G-3de26734-3627-4988-b9ed-b9ff5e2dc208","method":"/auth/login"}
{"time":"2026-04-23T23:17:05.8150273+03:00","level":"DEBUG","msg":"http request succeeded","XRequestID":"G-3de26734-3627-4988-b9ed-b9ff5e2dc208","method":"/auth/login"}
{"time":"2026-04-23T23:17:22.4084713+03:00","level":"DEBUG","msg":"http request started","XRequestID":"G-c653e516-9f5a-4fc5-9bed-311b536dbb92","method":"/auctions"}
{"time":"2026-04-23T23:17:22.54148+03:00","level":"INFO","msg":"kafka fetch error, reconnecting","error":"failed to dial: failed to open connection to kafka:9092: dial tcp: lookup kafka: no such host","backoff":"32s"}
{"time":"2026-04-23T23:17:37.5020997+03:00","level":"DEBUG","msg":"http request succeeded","XRequestID":"G-c653e516-9f5a-4fc5-9bed-311b536dbb92","method":"/auctions"}
{"time":"2026-04-23T23:18:34.3536149+03:00","level":"INFO","msg":"kafka fetch error, reconnecting","error":"failed to dial: failed to open connection to kafka:9092: dial tcp: lookup kafka: no such host","backoff":"32s"}
{"time":"2026-04-23T23:19:46.1468361+03:00","level":"INFO","msg":"kafka fetch error, reconnecting","error":"failed to dial: failed to open connection to kafka:9092: dial tcp: lookup kafka: no such host","backoff":"32s"}
{"time":"2026-04-23T23:20:04.6676715+03:00","level":"DEBUG","msg":"http request started","XRequestID":"G-8bad6efa-a623-48cb-a01d-cf63b268579f","method":"/auctions"}
{"time":"2026-04-23T23:20:04.7345753+03:00","level":"DEBUG","msg":"http request succeeded","XRequestID":"G-8bad6efa-a623-48cb-a01d-cf63b268579f","method":"/auctions"}
{"time":"2026-04-23T23:20:19.7619585+03:00","level":"DEBUG","msg":"http request started","XRequestID":"G-39d9e6bb-0886-4826-829e-48231b77e07a","method":"/auctions"}
{"time":"2026-04-23T23:20:19.804945+03:00","level":"DEBUG","msg":"http request succeeded","XRequestID":"G-39d9e6bb-0886-4826-829e-48231b77e07a","method":"/auctions"}
{"time":"2026-04-23T23:20:23.9441066+03:00","level":"DEBUG","msg":"http request started","XRequestID":"G-dc12afda-375d-4966-a1cb-c6c639f7e5ea","method":"/auctions"}
{"time":"2026-04-23T23:20:23.9699616+03:00","level":"DEBUG","msg":"http request succeeded","XRequestID":"G-dc12afda-375d-4966-a1cb-c6c639f7e5ea","method":"/auctions"}
{"time":"2026-04-23T23:20:26.1608714+03:00","level":"DEBUG","msg":"http request started","XRequestID":"G-1f9983bc-e6d9-4cc6-967a-79584dcb7e65","method":"/auctions"}
{"time":"2026-04-23T23:20:26.1938405+03:00","level":"DEBUG","msg":"http request succeeded","XRequestID":"G-1f9983bc-e6d9-4cc6-967a-79584dcb7e65","method":"/auctions"}
{"time":"2026-04-23T23:20:28.5183322+03:00","level":"DEBUG","msg":"http request started","XRequestID":"G-1d245314-d68c-48a4-9045-701992cf891d","method":"/auctions"}
{"time":"2026-04-23T23:20:28.5731223+03:00","level":"DEBUG","msg":"http request succeeded","XRequestID":"G-1d245314-d68c-48a4-9045-701992cf891d","method":"/auctions"}
{"time":"2026-04-23T23:20:33.9970938+03:00","level":"DEBUG","msg":"http request started","XRequestID":"G-5fd081d8-5364-4996-95fc-446aebd24213","method":"/auctions"}
{"time":"2026-04-23T23:20:34.0346555+03:00","level":"DEBUG","msg":"http request succeeded","XRequestID":"G-5fd081d8-5364-4996-95fc-446aebd24213","method":"/auctions"}
{"time":"2026-04-23T23:20:48.3499571+03:00","level":"DEBUG","msg":"http request started","XRequestID":"G-bbbc4ef5-89da-4300-9ae0-9c9fa6a974e8","method":"/auctions"}
{"time":"2026-04-23T23:20:48.3700478+03:00","level":"DEBUG","msg":"http request succeeded","XRequestID":"G-bbbc4ef5-89da-4300-9ae0-9c9fa6a974e8","method":"/auctions"}
{"time":"2026-04-23T23:20:57.9615995+03:00","level":"INFO","msg":"kafka fetch error, reconnecting","error":"failed to dial: failed to open connection to kafka:9092: dial tcp: lookup kafka: no such host","backoff":"32s"}
{"time":"2026-04-23T23:22:09.7564705+03:00","level":"INFO","msg":"kafka fetch error, reconnecting","error":"failed to dial: failed to open connection to kafka:9092: dial tcp: lookup kafka: no such host","backoff":"32s"}
{"time":"2026-04-23T23:23:05.3334089+03:00","level":"DEBUG","msg":"http request started","XRequestID":"G-7b56ee72-1d35-4105-bab2-ce677165df4e","method":"/auctions"}
{"time":"2026-04-23T23:23:05.3352157+03:00","level":"ERROR","msg":"http request failed: [user_id] is missed","XRequestID":"G-7b56ee72-1d35-4105-bab2-ce677165df4e","method":"/auctions"}
{"time":"2026-04-23T23:23:21.5589246+03:00","level":"INFO","msg":"kafka fetch error, reconnecting","error":"failed to dial: failed to open connection to kafka:9092: dial tcp: lookup kafka: no such host","backoff":"32s"}
{"time":"2026-04-23T23:24:33.3386835+03:00","level":"INFO","msg":"kafka fetch error, reconnecting","error":"failed to dial: failed to open connection to kafka:9092: dial tcp: lookup kafka: no such host","backoff":"32s"}
{"time":"2026-04-23T23:25:03.2735466+03:00","level":"DEBUG","msg":"http request started","XRequestID":"G-7fbafd0c-28f1-4403-b747-6551b261942d","method":"/auctions"}
{"time":"2026-04-23T23:25:03.2740927+03:00","level":"ERROR","msg":"http request failed: [user_id] is missed","XRequestID":"G-7fbafd0c-28f1-4403-b747-6551b261942d","method":"/auctions"}
{"time":"2026-04-23T23:25:29.9904025+03:00","level":"DEBUG","msg":"http request started","XRequestID":"G-0b020bf6-7e74-4287-a4a6-66fea3454d7c","method":"/auth/login"}
{"time":"2026-04-23T23:25:30.1455981+03:00","level":"DEBUG","msg":"http request succeeded","XRequestID":"G-0b020bf6-7e74-4287-a4a6-66fea3454d7c","method":"/auth/login"}
{"time":"2026-04-23T23:25:45.3694729+03:00","level":"INFO","msg":"kafka fetch error, reconnecting","error":"failed to dial: failed to open connection to kafka:9092: dial tcp: lookup kafka: no such host","backoff":"32s"}
{"time":"2026-04-23T23:25:46.7216503+03:00","level":"DEBUG","msg":"http request started","XRequestID":"G-1dd862ba-b39d-49df-9b25-28b442e9a4a8","method":"/auctions"}
{"time":"2026-04-23T23:25:46.7216503+03:00","level":"ERROR","msg":"http request failed: [user_id] is missed","XRequestID":"G-1dd862ba-b39d-49df-9b25-28b442e9a4a8","method":"/auctions"}
{"time":"2026-04-23T23:26:57.1258512+03:00","level":"INFO","msg":"kafka fetch error, reconnecting","error":"failed to dial: failed to open connection to kafka:9092: dial tcp: lookup kafka: no such host","backoff":"32s"}
{"time":"2026-04-23T23:28:08.9747404+03:00","level":"INFO","msg":"kafka fetch error, reconnecting","error":"failed to dial: failed to open connection to kafka:9092: dial tcp: lookup kafka: no such host","backoff":"32s"}
{"time":"2026-04-23T23:29:20.7727196+03:00","level":"INFO","msg":"kafka fetch error, reconnecting","error":"failed to dial: failed to open connection to kafka:9092: dial tcp: lookup kafka: no such host","backoff":"32s"}
{"time":"2026-04-23T23:29:50.6781122+03:00","level":"INFO","msg":"shutting down"}
{"time":"2026-04-23T23:29:50.6853906+03:00","level":"INFO","msg":"application stopped"}
{"time":"2026-04-23T23:29:56.5426529+03:00","level":"INFO","msg":"starting","version":"v1.0.0"}
{"time":"2026-04-23T23:29:56.733574+03:00","level":"INFO","msg":"application started"}
{"time":"2026-04-23T23:29:56.7345887+03:00","level":"INFO","msg":"Listening: ","address":"[::]:8091"}
{"time":"2026-04-23T23:30:07.2406089+03:00","level":"DEBUG","msg":"http request started","XRequestID":"G-440657c5-0edf-468f-ad08-886f84d97db1","method":"/auctions"}
{"time":"2026-04-23T23:30:22.0502473+03:00","level":"DEBUG","msg":"http request succeeded","XRequestID":"G-440657c5-0edf-468f-ad08-886f84d97db1","method":"/auctions"}
{"time":"2026-04-23T23:30:36.504206+03:00","level":"INFO","msg":"kafka fetch error, reconnecting","error":"failed to dial: failed to open connection to kafka:9092: dial tcp: lookup kafka: no such host","backoff":"2s"}
{"time":"2026-04-23T23:31:00.4708738+03:00","level":"DEBUG","msg":"http request started","XRequestID":"G-54f70068-0332-4620-af01-87d87af4eb65","method":"/auctions"}
{"time":"2026-04-23T23:31:00.5046345+03:00","level":"DEBUG","msg":"http request succeeded","XRequestID":"G-54f70068-0332-4620-af01-87d87af4eb65","method":"/auctions"}
{"time":"2026-04-23T23:31:18.2769916+03:00","level":"INFO","msg":"kafka fetch error, reconnecting","error":"failed to dial: failed to open connection to kafka:9092: dial tcp: lookup kafka: no such host","backoff":"4s"}
{"time":"2026-04-23T23:32:02.1218214+03:00","level":"INFO","msg":"kafka fetch error, reconnecting","error":"failed to dial: failed to open connection to kafka:9092: dial tcp: lookup kafka: no such host","backoff":"8s"}
{"time":"2026-04-23T23:32:49.869721+03:00","level":"INFO","msg":"kafka fetch error, reconnecting","error":"failed to dial: failed to open connection to kafka:9092: dial tcp: lookup kafka: no such host","backoff":"16s"}
{"time":"2026-04-23T23:32:52.064636+03:00","level":"INFO","msg":"shutting down"}
{"time":"2026-04-23T23:32:52.0658326+03:00","level":"INFO","msg":"application stopped"}
